Archive member included to satisfy reference by file (symbol)

/usr/share/gcc-arm-none-eabi-10.3-2021.10/bin/../lib/gcc/arm-none-eabi/10.3.1/../../../../arm-none-eabi/lib/thumb/v7-m/nofp/libc_nano.a(lib_a-errno.o)
                              ./Core/Src/syscalls.o (__errno)
/usr/share/gcc-arm-none-eabi-10.3-2021.10/bin/../lib/gcc/arm-none-eabi/10.3.1/../../../../arm-none-eabi/lib/thumb/v7-m/nofp/libc_nano.a(lib_a-exit.o)
                              /usr/share/gcc-arm-none-eabi-10.3-2021.10/bin/../lib/gcc/arm-none-eabi/10.3.1/../../../../arm-none-eabi/lib/thumb/v7-m/nofp/crt0.o (exit)
/usr/share/gcc-arm-none-eabi-10.3-2021.10/bin/../lib/gcc/arm-none-eabi/10.3.1/../../../../arm-none-eabi/lib/thumb/v7-m/nofp/libc_nano.a(lib_a-impure.o)
                              /usr/share/gcc-arm-none-eabi-10.3-2021.10/bin/../lib/gcc/arm-none-eabi/10.3.1/../../../../arm-none-eabi/lib/thumb/v7-m/nofp/libc_nano.a(lib_a-exit.o) (_global_impure_ptr)
/usr/share/gcc-arm-none-eabi-10.3-2021.10/bin/../lib/gcc/arm-none-eabi/10.3.1/../../../../arm-none-eabi/lib/thumb/v7-m/nofp/libc_nano.a(lib_a-init.o)
                              /usr/share/gcc-arm-none-eabi-10.3-2021.10/bin/../lib/gcc/arm-none-eabi/10.3.1/../../../../arm-none-eabi/lib/thumb/v7-m/nofp/crt0.o (__libc_init_array)
/usr/share/gcc-arm-none-eabi-10.3-2021.10/bin/../lib/gcc/arm-none-eabi/10.3.1/../../../../arm-none-eabi/lib/thumb/v7-m/nofp/libc_nano.a(lib_a-memset.o)
                              /usr/share/gcc-arm-none-eabi-10.3-2021.10/bin/../lib/gcc/arm-none-eabi/10.3.1/../../../../arm-none-eabi/lib/thumb/v7-m/nofp/crt0.o (memset)

Discarded input sections

 .text          0x0000000000000000        0x0 /usr/share/gcc-arm-none-eabi-10.3-2021.10/bin/../lib/gcc/arm-none-eabi/10.3.1/thumb/v7-m/nofp/crti.o
 .data          0x0000000000000000        0x0 /usr/share/gcc-arm-none-eabi-10.3-2021.10/bin/../lib/gcc/arm-none-eabi/10.3.1/thumb/v7-m/nofp/crti.o
 .bss           0x0000000000000000        0x0 /usr/share/gcc-arm-none-eabi-10.3-2021.10/bin/../lib/gcc/arm-none-eabi/10.3.1/thumb/v7-m/nofp/crti.o
 .data          0x0000000000000000        0x4 /usr/share/gcc-arm-none-eabi-10.3-2021.10/bin/../lib/gcc/arm-none-eabi/10.3.1/thumb/v7-m/nofp/crtbegin.o
 .rodata        0x0000000000000000       0x24 /usr/share/gcc-arm-none-eabi-10.3-2021.10/bin/../lib/gcc/arm-none-eabi/10.3.1/thumb/v7-m/nofp/crtbegin.o
 .text          0x0000000000000000       0x7c /usr/share/gcc-arm-none-eabi-10.3-2021.10/bin/../lib/gcc/arm-none-eabi/10.3.1/../../../../arm-none-eabi/lib/thumb/v7-m/nofp/crt0.o
 .data          0x0000000000000000        0x0 /usr/share/gcc-arm-none-eabi-10.3-2021.10/bin/../lib/gcc/arm-none-eabi/10.3.1/../../../../arm-none-eabi/lib/thumb/v7-m/nofp/crt0.o
 .bss           0x0000000000000000        0x0 /usr/share/gcc-arm-none-eabi-10.3-2021.10/bin/../lib/gcc/arm-none-eabi/10.3.1/../../../../arm-none-eabi/lib/thumb/v7-m/nofp/crt0.o
 .ARM.extab     0x0000000000000000        0x0 /usr/share/gcc-arm-none-eabi-10.3-2021.10/bin/../lib/gcc/arm-none-eabi/10.3.1/../../../../arm-none-eabi/lib/thumb/v7-m/nofp/crt0.o
 .ARM.exidx     0x0000000000000000       0x10 /usr/share/gcc-arm-none-eabi-10.3-2021.10/bin/../lib/gcc/arm-none-eabi/10.3.1/../../../../arm-none-eabi/lib/thumb/v7-m/nofp/crt0.o
 .ARM.attributes
                0x0000000000000000       0x1b /usr/share/gcc-arm-none-eabi-10.3-2021.10/bin/../lib/gcc/arm-none-eabi/10.3.1/../../../../arm-none-eabi/lib/thumb/v7-m/nofp/crt0.o
 .group         0x0000000000000000        0xc ./Core/Src/main.o
 .group         0x0000000000000000        0xc ./Core/Src/main.o
 .group         0x0000000000000000        0xc ./Core/Src/main.o
 .group         0x0000000000000000        0xc ./Core/Src/main.o
 .group         0x0000000000000000        0xc ./Core/Src/main.o
 .group         0x0000000000000000        0xc ./Core/Src/main.o
 .group         0x0000000000000000        0xc ./Core/Src/main.o
 .group         0x0000000000000000        0xc ./Core/Src/main.o
 .group         0x0000000000000000        0xc ./Core/Src/main.o
 .group         0x0000000000000000        0xc ./Core/Src/main.o
 .group         0x0000000000000000        0xc ./Core/Src/main.o
 .group         0x0000000000000000        0xc ./Core/Src/main.o
 .group         0x0000000000000000        0xc ./Core/Src/main.o
 .group         0x0000000000000000        0xc ./Core/Src/main.o
 .group         0x0000000000000000        0xc ./Core/Src/main.o
 .group         0x0000000000000000        0xc ./Core/Src/main.o
 .group         0x0000000000000000        0xc ./Core/Src/main.o
 .group         0x0000000000000000        0xc ./Core/Src/main.o
 .group         0x0000000000000000        0xc ./Core/Src/main.o
 .group         0x0000000000000000        0xc ./Core/Src/main.o
 .group         0x0000000000000000        0xc ./Core/Src/main.o
 .group         0x0000000000000000        0xc ./Core/Src/main.o
 .group         0x0000000000000000        0xc ./Core/Src/main.o
 .group         0x0000000000000000        0xc ./Core/Src/main.o
[...]
Memory Configuration

Name             Origin             Length             Attributes
RAM              0x0000000020000000 0x0000000000002800 xrw
FLASH            0x0000000008000000 0x0000000000008000 xr
*default*        0x0000000000000000 0xffffffffffffffff

Linker script and memory map

LOAD /usr/share/gcc-arm-none-eabi-10.3-2021.10/bin/../lib/gcc/arm-none-eabi/10.3.1/thumb/v7-m/nofp/crti.o
LOAD /usr/share/gcc-arm-none-eabi-10.3-2021.10/bin/../lib/gcc/arm-none-eabi/10.3.1/thumb/v7-m/nofp/crtbegin.o
LOAD /usr/share/gcc-arm-none-eabi-10.3-2021.10/bin/../lib/gcc/arm-none-eabi/10.3.1/../../../../arm-none-eabi/lib/thumb/v7-m/nofp/crt0.o
LOAD ./Core/Src/main.o
LOAD ./Core/Src/stm32f1xx_hal_msp.o
LOAD ./Core/Src/stm32f1xx_it.o
LOAD ./Core/Src/syscalls.o
LOAD ./Core/Src/sysmem.o
LOAD ./Core/Src/system_stm32f1xx.o
LOAD ./Core/Startup/startup_stm32f103c6tx.o
LOAD ./Drivers/STM32F1xx_HAL_Driver/Src/stm32f1xx_hal.o
LOAD ./Drivers/STM32F1xx_HAL_Driver/Src/stm32f1xx_hal_cortex.o
LOAD ./Drivers/STM32F1xx_HAL_Driver/Src/stm32f1xx_hal_dma.o
LOAD ./Drivers/STM32F1xx_HAL_Driver/Src/stm32f1xx_hal_exti.o
LOAD ./Drivers/STM32F1xx_HAL_Driver/Src/stm32f1xx_hal_flash.o
LOAD ./Drivers/STM32F1xx_HAL_Driver/Src/stm32f1xx_hal_flash_ex.o
LOAD ./Drivers/STM32F1xx_HAL_Driver/Src/stm32f1xx_hal_gpio.o
LOAD ./Drivers/STM32F1xx_HAL_Driver/Src/stm32f1xx_hal_gpio_ex.o
LOAD ./Drivers/STM32F1xx_HAL_Driver/Src/stm32f1xx_hal_pcd.o
LOAD ./Drivers/STM32F1xx_HAL_Driver/Src/stm32f1xx_hal_pcd_ex.o
LOAD ./Drivers/STM32F1xx_HAL_Driver/Src/stm32f1xx_hal_pwr.o
LOAD ./Drivers/STM32F1xx_HAL_Driver/Src/stm32f1xx_hal_rcc.o
LOAD ./Drivers/STM32F1xx_HAL_Driver/Src/stm32f1xx_hal_rcc_ex.o
LOAD ./Drivers/STM32F1xx_HAL_Driver/Src/stm32f1xx_hal_tim.o
LOAD ./Drivers/STM32F1xx_HAL_Driver/Src/stm32f1xx_hal_tim_ex.o
LOAD ./Drivers/STM32F1xx_HAL_Driver/Src/stm32f1xx_ll_usb.o
LOAD ./Middlewares/ST/STM32_USB_Device_Library/Class/HID/Src/usbd_hid.o
LOAD ./Middlewares/ST/STM32_USB_Device_Library/Core/Src/usbd_core.o
LOAD ./Middlewares/ST/STM32_USB_Device_Library/Core/Src/usbd_ctlreq.o
LOAD ./Middlewares/ST/STM32_USB_Device_Library/Core/Src/usbd_ioreq.o
LOAD ./USB_DEVICE/App/usb_device.o
LOAD ./USB_DEVICE/App/usbd_desc.o
LOAD ./USB_DEVICE/Target/usbd_conf.o
START GROUP
LOAD /usr/share/gcc-arm-none-eabi-10.3-2021.10/bin/../lib/gcc/arm-none-eabi/10.3.1/../../../../arm-none-eabi/lib/thumb/v7-m/nofp/libc_nano.a
LOAD /usr/share/gcc-arm-none-eabi-10.3-2021.10/bin/../lib/gcc/arm-none-eabi/10.3.1/../../../../arm-none-eabi/lib/thumb/v7-m/nofp/libm.a
END GROUP
START GROUP
LOAD /usr/share/gcc-arm-none-eabi-10.3-2021.10/bin/../lib/gcc/arm-none-eabi/10.3.1/thumb/v7-m/nofp/libgcc.a
LOAD /usr/share/gcc-arm-none-eabi-10.3-2021.10/bin/../lib/gcc/arm-none-eabi/10.3.1/../../../../arm-none-eabi/lib/thumb/v7-m/nofp/libc_nano.a
END GROUP
START GROUP
LOAD /usr/share/gcc-arm-none-eabi-10.3-2021.10/bin/../lib/gcc/arm-none-eabi/10.3.1/thumb/v7-m/nofp/libgcc.a
LOAD /usr/share/gcc-arm-none-eabi-10.3-2021.10/bin/../lib/gcc/arm-none-eabi/10.3.1/../../../../arm-none-eabi/lib/thumb/v7-m/nofp/libc_nano.a
LOAD /usr/share/gcc-arm-none-eabi-10.3-2021.10/bin/../lib/gcc/arm-none-eabi/10.3.1/../../../../arm-none-eabi/lib/thumb/v7-m/nofp/libnosys.a
END GROUP
START GROUP
LOAD /usr/share/gcc-arm-none-eabi-10.3-2021.10/bin/../lib/gcc/arm-none-eabi/10.3.1/thumb/v7-m/nofp/libgcc.a
LOAD /usr/share/gcc-arm-none-eabi-10.3-2021.10/bin/../lib/gcc/arm-none-eabi/10.3.1/../../../../arm-none-eabi/lib/thumb/v7-m/nofp/libc_nano.a
LOAD /usr/share/gcc-arm-none-eabi-10.3-2021.10/bin/../lib/gcc/arm-none-eabi/10.3.1/../../../../arm-none-eabi/lib/thumb/v7-m/nofp/libnosys.a
END GROUP
LOAD /usr/share/gcc-arm-none-eabi-10.3-2021.10/bin/../lib/gcc/arm-none-eabi/10.3.1/thumb/v7-m/nofp/crtend.o
LOAD /usr/share/gcc-arm-none-eabi-10.3-2021.10/bin/../lib/gcc/arm-none-eabi/10.3.1/thumb/v7-m/nofp/crtn.o
                0x0000000020002800                _estack = (ORIGIN (RAM) + LENGTH (RAM))
                0x0000000000000200                _Min_Heap_Size = 0x200
                0x0000000000000400                _Min_Stack_Size = 0x400

.isr_vector     0x0000000008000000      0x10c
                0x0000000008000000                . = ALIGN (0x4)
 *(.isr_vector)
 .isr_vector    0x0000000008000000      0x10c ./Core/Startup/startup_stm32f103c6tx.o
                0x0000000008000000                g_pfnVectors
                0x000000000800010c                . = ALIGN (0x4)

.text           0x000000000800010c     0x73f4
                0x000000000800010c                . = ALIGN (0x4)
 *(.text)
 .text          0x000000000800010c       0x40 /usr/share/gcc-arm-none-eabi-10.3-2021.10/bin/../lib/gcc/arm-none-eabi/10.3.1/thumb/v7-m/nofp/crtbegin.o
 *(.text*)
 .text.send_word
                0x000000000800014c       0x68 ./Core/Src/main.o
                0x000000000800014c                send_word
 .text.MX_GPIO_Init
                0x00000000080001b4       0x6c ./Core/Src/main.o
 .text.main     0x0000000008000220       0x60 ./Core/Src/main.o
                0x0000000008000220                main
 .text.SystemClock_Config
                0x0000000008000280       0xb6 ./Core/Src/main.o
                0x0000000008000280                SystemClock_Config
 .text.Error_Handler
                0x0000000008000336        0xa ./Core/Src/main.o
                0x0000000008000336                Error_Handler
 .text.HAL_MspInit
                0x0000000008000340       0x64 ./Core/Src/stm32f1xx_hal_msp.o
                0x0000000008000340                HAL_MspInit
 .text.NMI_Handler
                0x00000000080003a4        0x6 ./Core/Src/stm32f1xx_it.o
                0x00000000080003a4                NMI_Handler
 .text.HardFault_Handler
                0x00000000080003aa        0x6 ./Core/Src/stm32f1xx_it.o
                0x00000000080003aa                HardFault_Handler
 .text.MemManage_Handler
                0x00000000080003b0        0x6 ./Core/Src/stm32f1xx_it.o
                0x00000000080003b0                MemManage_Handler
 .text.BusFault_Handler
                0x00000000080003b6        0x6 ./Core/Src/stm32f1xx_it.o
                0x00000000080003b6                BusFault_Handler
 .text.UsageFault_Handler
                0x00000000080003bc        0x6 ./Core/Src/stm32f1xx_it.o
                0x00000000080003bc                UsageFault_Handler
 .text.SVC_Handler
                0x00000000080003c2        0xc ./Core/Src/stm32f1xx_it.o
                0x00000000080003c2                SVC_Handler
 .text.DebugMon_Handler
                0x00000000080003ce        0xc ./Core/Src/stm32f1xx_it.o
                0x00000000080003ce                DebugMon_Handler
 .text.PendSV_Handler
                0x00000000080003da        0xc ./Core/Src/stm32f1xx_it.o
                0x00000000080003da                PendSV_Handler
 .text.SysTick_Handler
                0x00000000080003e6        0xc ./Core/Src/stm32f1xx_it.o
                0x00000000080003e6                SysTick_Handler
 *fill*         0x00000000080003f2        0x2 
 .text.USB_LP_CAN1_RX0_IRQHandler
                0x00000000080003f4       0x14 ./Core/Src/stm32f1xx_it.o
                0x00000000080003f4                USB_LP_CAN1_RX0_IRQHandler
 .text.SystemInit
                0x0000000008000408        0xc ./Core/Src/system_stm32f1xx.o
                0x0000000008000408                SystemInit
 .text.Reset_Handler
                0x0000000008000414       0x48 ./Core/Startup/startup_stm32f103c6tx.o
                0x0000000008000414                Reset_Handler
 .text.Default_Handler
                0x000000000800045c        0x2 ./Core/Startup/startup_stm32f103c6tx.o
                0x000000000800045c                RTC_Alarm_IRQHandler
                0x000000000800045c                EXTI2_IRQHandler
                0x000000000800045c                TIM1_CC_IRQHandler
                0x000000000800045c                PVD_IRQHandler
                0x000000000800045c                EXTI3_IRQHandler
                0x000000000800045c                EXTI0_IRQHandler
                0x000000000800045c                ADC1_2_IRQHandler
                0x000000000800045c                SPI1_IRQHandler
                0x000000000800045c                TAMPER_IRQHandler
                0x000000000800045c                DMA1_Channel4_IRQHandler
                0x000000000800045c                RTC_IRQHandler
                0x000000000800045c                DMA1_Channel7_IRQHandler
                0x000000000800045c                CAN1_RX1_IRQHandler
                0x000000000800045c                I2C1_EV_IRQHandler
                0x000000000800045c                DMA1_Channel6_IRQHandler
                0x000000000800045c                TIM3_IRQHandler
                0x000000000800045c                RCC_IRQHandler
                0x000000000800045c                TIM1_TRG_COM_IRQHandler
                0x000000000800045c                DMA1_Channel1_IRQHandler
                0x000000000800045c                Default_Handler
                0x000000000800045c                EXTI15_10_IRQHandler
                0x000000000800045c                EXTI9_5_IRQHandler
                0x000000000800045c                DMA1_Channel5_IRQHandler
                0x000000000800045c                EXTI4_IRQHandler
                0x000000000800045c                USB_HP_CAN1_TX_IRQHandler
                0x000000000800045c                DMA1_Channel3_IRQHandler
                0x000000000800045c                TIM1_UP_IRQHandler
                0x000000000800045c                WWDG_IRQHandler
                0x000000000800045c                TIM2_IRQHandler
                0x000000000800045c                TIM1_BRK_IRQHandler
                0x000000000800045c                EXTI1_IRQHandler
                0x000000000800045c                USART2_IRQHandler
                0x000000000800045c                DMA1_Channel2_IRQHandler
                0x000000000800045c                CAN1_SCE_IRQHandler
                0x000000000800045c                FLASH_IRQHandler
                0x000000000800045c                USART1_IRQHandler
                0x000000000800045c                I2C1_ER_IRQHandler
                0x000000000800045c                USBWakeUp_IRQHandler
 *fill*         0x000000000800045e        0x2 
 .text.HAL_Init
                0x0000000008000460       0x2c ./Drivers/STM32F1xx_HAL_Driver/Src/stm32f1xx_hal.o
                0x0000000008000460                HAL_Init
 .text.HAL_InitTick
                0x000000000800048c       0x60 ./Drivers/STM32F1xx_HAL_Driver/Src/stm32f1xx_hal.o
                0x000000000800048c                HAL_InitTick
 .text.HAL_IncTick
                0x00000000080004ec       0x24 ./Drivers/STM32F1xx_HAL_Driver/Src/stm32f1xx_hal.o
                0x00000000080004ec                HAL_IncTick
 .text.HAL_GetTick
                0x0000000008000510       0x14 ./Drivers/STM32F1xx_HAL_Driver/Src/stm32f1xx_hal.o
                0x0000000008000510                HAL_GetTick
 .text.HAL_Delay
                0x0000000008000524       0x48 ./Drivers/STM32F1xx_HAL_Driver/Src/stm32f1xx_hal.o
                0x0000000008000524                HAL_Delay
 .text.__NVIC_SetPriorityGrouping
                0x000000000800056c       0x48 ./Drivers/STM32F1xx_HAL_Driver/Src/stm32f1xx_hal_cortex.o
 .text.__NVIC_GetPriorityGrouping
                0x00000000080005b4       0x1c ./Drivers/STM32F1xx_HAL_Driver/Src/stm32f1xx_hal_cortex.o
 .text.__NVIC_EnableIRQ
                0x00000000080005d0       0x38 ./Drivers/STM32F1xx_HAL_Driver/Src/stm32f1xx_hal_cortex.o
 .text.__NVIC_SetPriority
                0x0000000008000608       0x54 ./Drivers/STM32F1xx_HAL_Driver/Src/stm32f1xx_hal_cortex.o
 .text.NVIC_EncodePriority
                0x000000000800065c       0x64 ./Drivers/STM32F1xx_HAL_Driver/Src/stm32f1xx_hal_cortex.o
 .text.SysTick_Config
                0x00000000080006c0       0x44 ./Drivers/STM32F1xx_HAL_Driver/Src/stm32f1xx_hal_cortex.o
 .text.HAL_NVIC_SetPriorityGrouping
                0x0000000008000704       0x16 ./Drivers/STM32F1xx_HAL_Driver/Src/stm32f1xx_hal_cortex.o
                0x0000000008000704                HAL_NVIC_SetPriorityGrouping
 .text.HAL_NVIC_SetPriority
                0x000000000800071a       0x38 ./Drivers/STM32F1xx_HAL_Driver/Src/stm32f1xx_hal_cortex.o
                0x000000000800071a                HAL_NVIC_SetPriority
 .text.HAL_NVIC_EnableIRQ
                0x0000000008000752       0x1c ./Drivers/STM32F1xx_HAL_Driver/Src/stm32f1xx_hal_cortex.o
                0x0000000008000752                HAL_NVIC_EnableIRQ
 .text.HAL_SYSTICK_Config
                0x000000000800076e       0x18 ./Drivers/STM32F1xx_HAL_Driver/Src/stm32f1xx_hal_cortex.o
                0x000000000800076e                HAL_SYSTICK_Config
 *fill*         0x0000000008000786        0x2 
 .text.HAL_GPIO_Init
                0x0000000008000788      0x2f8 ./Drivers/STM32F1xx_HAL_Driver/Src/stm32f1xx_hal_gpio.o
                0x0000000008000788                HAL_GPIO_Init
 .text.HAL_PCD_Init
                0x0000000008000a80      0x216 ./Drivers/STM32F1xx_HAL_Driver/Src/stm32f1xx_hal_pcd.o
                0x0000000008000a80                HAL_PCD_Init
 .text.HAL_PCD_Start
                0x0000000008000c96       0x4c ./Drivers/STM32F1xx_HAL_Driver/Src/stm32f1xx_hal_pcd.o
                0x0000000008000c96                HAL_PCD_Start
 .text.HAL_PCD_IRQHandler
                0x0000000008000ce2      0x2a6 ./Drivers/STM32F1xx_HAL_Driver/Src/stm32f1xx_hal_pcd.o
                0x0000000008000ce2                HAL_PCD_IRQHandler
 .text.HAL_PCD_SetAddress
                0x0000000008000f88       0x4a ./Drivers/STM32F1xx_HAL_Driver/Src/stm32f1xx_hal_pcd.o
                0x0000000008000f88                HAL_PCD_SetAddress
 .text.HAL_PCD_EP_Open
                0x0000000008000fd2       0xcc ./Drivers/STM32F1xx_HAL_Driver/Src/stm32f1xx_hal_pcd.o
                0x0000000008000fd2                HAL_PCD_EP_Open
 .text.HAL_PCD_EP_Close
                0x000000000800109e       0x90 ./Drivers/STM32F1xx_HAL_Driver/Src/stm32f1xx_hal_pcd.o
                0x000000000800109e                HAL_PCD_EP_Close
 .text.HAL_PCD_EP_Receive
                0x000000000800112e       0x7a ./Drivers/STM32F1xx_HAL_Driver/Src/stm32f1xx_hal_pcd.o
                0x000000000800112e                HAL_PCD_EP_Receive
 .text.HAL_PCD_EP_Transmit
                0x00000000080011a8       0x86 ./Drivers/STM32F1xx_HAL_Driver/Src/stm32f1xx_hal_pcd.o
                0x00000000080011a8                HAL_PCD_EP_Transmit
 .text.HAL_PCD_EP_SetStall
                0x000000000800122e       0xc0 ./Drivers/STM32F1xx_HAL_Driver/Src/stm32f1xx_hal_pcd.o
                0x000000000800122e                HAL_PCD_EP_SetStall
 .text.HAL_PCD_EP_ClrStall
                0x00000000080012ee       0xa8 ./Drivers/STM32F1xx_HAL_Driver/Src/stm32f1xx_hal_pcd.o
                0x00000000080012ee                HAL_PCD_EP_ClrStall
 .text.PCD_EP_ISR_Handler
                0x0000000008001396      0x600 ./Drivers/STM32F1xx_HAL_Driver/Src/stm32f1xx_hal_pcd.o
 .text.HAL_PCD_EP_DB_Receive
                0x0000000008001996      0x21a ./Drivers/STM32F1xx_HAL_Driver/Src/stm32f1xx_hal_pcd.o
 .text.HAL_PCD_EP_DB_Transmit
                0x0000000008001bb0      0x7a4 ./Drivers/STM32F1xx_HAL_Driver/Src/stm32f1xx_hal_pcd.o
 .text.HAL_PCDEx_PMAConfig
                0x0000000008002354       0x84 ./Drivers/STM32F1xx_HAL_Driver/Src/stm32f1xx_hal_pcd_ex.o
                0x0000000008002354                HAL_PCDEx_PMAConfig
 .text.HAL_RCC_OscConfig
                0x00000000080023d8      0x504 ./Drivers/STM32F1xx_HAL_Driver/Src/stm32f1xx_hal_rcc.o
                0x00000000080023d8                HAL_RCC_OscConfig
 .text.HAL_RCC_ClockConfig
                0x00000000080028dc      0x1d4 ./Drivers/STM32F1xx_HAL_Driver/Src/stm32f1xx_hal_rcc.o
                0x00000000080028dc                HAL_RCC_ClockConfig
 .text.HAL_RCC_GetSysClockFreq
                0x0000000008002ab0       0xc0 ./Drivers/STM32F1xx_HAL_Driver/Src/stm32f1xx_hal_rcc.o
                0x0000000008002ab0                HAL_RCC_GetSysClockFreq
 .text.RCC_Delay
                0x0000000008002b70       0x3c ./Drivers/STM32F1xx_HAL_Driver/Src/stm32f1xx_hal_rcc.o
 .text.HAL_RCCEx_PeriphCLKConfig
                0x0000000008002bac      0x16c ./Drivers/STM32F1xx_HAL_Driver/Src/stm32f1xx_hal_rcc_ex.o
                0x0000000008002bac                HAL_RCCEx_PeriphCLKConfig
 .text.USB_CoreInit
                0x0000000008002d18       0x20 ./Drivers/STM32F1xx_HAL_Driver/Src/stm32f1xx_ll_usb.o
                0x0000000008002d18                USB_CoreInit
 .text.USB_EnableGlobalInt
                0x0000000008002d38       0x2c ./Drivers/STM32F1xx_HAL_Driver/Src/stm32f1xx_ll_usb.o
                0x0000000008002d38                USB_EnableGlobalInt
 .text.USB_DisableGlobalInt
                0x0000000008002d64       0x34 ./Drivers/STM32F1xx_HAL_Driver/Src/stm32f1xx_ll_usb.o
                0x0000000008002d64                USB_DisableGlobalInt
 .text.USB_SetCurrentMode
                0x0000000008002d98       0x18 ./Drivers/STM32F1xx_HAL_Driver/Src/stm32f1xx_ll_usb.o
                0x0000000008002d98                USB_SetCurrentMode
 .text.USB_DevInit
                0x0000000008002db0       0x40 ./Drivers/STM32F1xx_HAL_Driver/Src/stm32f1xx_ll_usb.o
                0x0000000008002db0                USB_DevInit
 .text.USB_ActivateEndpoint
                0x0000000008002df0      0x6d4 ./Drivers/STM32F1xx_HAL_Driver/Src/stm32f1xx_ll_usb.o
                0x0000000008002df0                USB_ActivateEndpoint
 .text.USB_DeactivateEndpoint
                0x00000000080034c4      0x3d8 ./Drivers/STM32F1xx_HAL_Driver/Src/stm32f1xx_ll_usb.o
                0x00000000080034c4                USB_DeactivateEndpoint
 .text.USB_EPStartXfer
                0x000000000800389c     0x1c70 ./Drivers/STM32F1xx_HAL_Driver/Src/stm32f1xx_ll_usb.o
                0x000000000800389c                USB_EPStartXfer
 .text.USB_EPSetStall
                0x000000000800550c       0xa0 ./Drivers/STM32F1xx_HAL_Driver/Src/stm32f1xx_ll_usb.o
                0x000000000800550c                USB_EPSetStall
 .text.USB_EPClearStall
                0x00000000080055ac      0x15a ./Drivers/STM32F1xx_HAL_Driver/Src/stm32f1xx_ll_usb.o
                0x00000000080055ac                USB_EPClearStall
 .text.USB_SetDevAddress
                0x0000000008005706       0x26 ./Drivers/STM32F1xx_HAL_Driver/Src/stm32f1xx_ll_usb.o
                0x0000000008005706                USB_SetDevAddress
 .text.USB_DevConnect
                0x000000000800572c       0x14 ./Drivers/STM32F1xx_HAL_Driver/Src/stm32f1xx_ll_usb.o
                0x000000000800572c                USB_DevConnect
 .text.USB_DevDisconnect
                0x0000000008005740       0x14 ./Drivers/STM32F1xx_HAL_Driver/Src/stm32f1xx_ll_usb.o
                0x0000000008005740                USB_DevDisconnect
 .text.USB_ReadInterrupts
                0x0000000008005754       0x1e ./Drivers/STM32F1xx_HAL_Driver/Src/stm32f1xx_ll_usb.o
                0x0000000008005754                USB_ReadInterrupts
 .text.USB_EP0_OutStart
                0x0000000008005772       0x16 ./Drivers/STM32F1xx_HAL_Driver/Src/stm32f1xx_ll_usb.o
                0x0000000008005772                USB_EP0_OutStart
 .text.USB_WritePMA
                0x0000000008005788       0x8a ./Drivers/STM32F1xx_HAL_Driver/Src/stm32f1xx_ll_usb.o
                0x0000000008005788                USB_WritePMA
 .text.USB_ReadPMA
                0x0000000008005812       0x9e ./Drivers/STM32F1xx_HAL_Driver/Src/stm32f1xx_ll_usb.o
                0x0000000008005812                USB_ReadPMA
 .text.USBD_HID_Init
                0x00000000080058b0       0x4e ./Middlewares/ST/STM32_USB_Device_Library/Class/HID/Src/usbd_hid.o
 .text.USBD_HID_DeInit
                0x00000000080058fe       0x42 ./Middlewares/ST/STM32_USB_Device_Library/Class/HID/Src/usbd_hid.o
 .text.USBD_HID_Setup
                0x0000000008005940      0x1fc ./Middlewares/ST/STM32_USB_Device_Library/Class/HID/Src/usbd_hid.o
 .text.USBD_HID_SendReport
                0x0000000008005b3c       0x44 ./Middlewares/ST/STM32_USB_Device_Library/Class/HID/Src/usbd_hid.o
                0x0000000008005b3c                USBD_HID_SendReport
 .text.USBD_HID_GetFSCfgDesc
                0x0000000008005b80       0x20 ./Middlewares/ST/STM32_USB_Device_Library/Class/HID/Src/usbd_hid.o
 .text.USBD_HID_GetHSCfgDesc
                0x0000000008005ba0       0x20 ./Middlewares/ST/STM32_USB_Device_Library/Class/HID/Src/usbd_hid.o
 .text.USBD_HID_GetOtherSpeedCfgDesc
                0x0000000008005bc0       0x20 ./Middlewares/ST/STM32_USB_Device_Library/Class/HID/Src/usbd_hid.o
 .text.USBD_HID_DataIn
                0x0000000008005be0       0x22 ./Middlewares/ST/STM32_USB_Device_Library/Class/HID/Src/usbd_hid.o
 *fill*         0x0000000008005c02        0x2 
 .text.USBD_HID_GetDeviceQualifierDesc
                0x0000000008005c04       0x20 ./Middlewares/ST/STM32_USB_Device_Library/Class/HID/Src/usbd_hid.o
 .text.USBD_Init
                0x0000000008005c24       0x56 ./Middlewares/ST/STM32_USB_Device_Library/Core/Src/usbd_core.o
                0x0000000008005c24                USBD_Init
 .text.USBD_RegisterClass
                0x0000000008005c7a       0x32 ./Middlewares/ST/STM32_USB_Device_Library/Core/Src/usbd_core.o
                0x0000000008005c7a                USBD_RegisterClass
 .text.USBD_Start
                0x0000000008005cac       0x18 ./Middlewares/ST/STM32_USB_Device_Library/Core/Src/usbd_core.o
                0x0000000008005cac                USBD_Start
 .text.USBD_RunTestMode
                0x0000000008005cc4       0x14 ./Middlewares/ST/STM32_USB_Device_Library/Core/Src/usbd_core.o
                0x0000000008005cc4                USBD_RunTestMode
 .text.USBD_SetClassConfig
                0x0000000008005cd8       0x3e ./Middlewares/ST/STM32_USB_Device_Library/Core/Src/usbd_core.o
                0x0000000008005cd8                USBD_SetClassConfig
 .text.USBD_ClrClassConfig
                0x0000000008005d16       0x26 ./Middlewares/ST/STM32_USB_Device_Library/Core/Src/usbd_core.o
                0x0000000008005d16                USBD_ClrClassConfig
 .text.USBD_LL_SetupStage
                0x0000000008005d3c       0x9a ./Middlewares/ST/STM32_USB_Device_Library/Core/Src/usbd_core.o
                0x0000000008005d3c                USBD_LL_SetupStage
 .text.USBD_LL_DataOutStage
                0x0000000008005dd6       0xe2 ./Middlewares/ST/STM32_USB_Device_Library/Core/Src/usbd_core.o
                0x0000000008005dd6                USBD_LL_DataOutStage
 .text.USBD_LL_DataInStage
                0x0000000008005eb8      0x14a ./Middlewares/ST/STM32_USB_Device_Library/Core/Src/usbd_core.o
                0x0000000008005eb8                USBD_LL_DataInStage
 .text.USBD_LL_Reset
                0x0000000008006002       0x82 ./Middlewares/ST/STM32_USB_Device_Library/Core/Src/usbd_core.o
                0x0000000008006002                USBD_LL_Reset
 .text.USBD_LL_SetSpeed
                0x0000000008006084       0x1e ./Middlewares/ST/STM32_USB_Device_Library/Core/Src/usbd_core.o
                0x0000000008006084                USBD_LL_SetSpeed
 .text.USBD_LL_Suspend
                0x00000000080060a2       0x28 ./Middlewares/ST/STM32_USB_Device_Library/Core/Src/usbd_core.o
                0x00000000080060a2                USBD_LL_Suspend
 .text.USBD_LL_Resume
                0x00000000080060ca       0x2a ./Middlewares/ST/STM32_USB_Device_Library/Core/Src/usbd_core.o
                0x00000000080060ca                USBD_LL_Resume
 .text.USBD_LL_SOF
                0x00000000080060f4       0x34 ./Middlewares/ST/STM32_USB_Device_Library/Core/Src/usbd_core.o
                0x00000000080060f4                USBD_LL_SOF
 .text.USBD_StdDevReq
                0x0000000008006128       0xd4 ./Middlewares/ST/STM32_USB_Device_Library/Core/Src/usbd_ctlreq.o
                0x0000000008006128                USBD_StdDevReq
 .text.USBD_StdItfReq
                0x00000000080061fc       0x90 ./Middlewares/ST/STM32_USB_Device_Library/Core/Src/usbd_ctlreq.o
                0x00000000080061fc                USBD_StdItfReq
 .text.USBD_StdEPReq
                0x000000000800628c      0x2c6 ./Middlewares/ST/STM32_USB_Device_Library/Core/Src/usbd_ctlreq.o
                0x000000000800628c                USBD_StdEPReq
 *fill*         0x0000000008006552        0x2 
 .text.USBD_GetDescriptor
                0x0000000008006554      0x2d0 ./Middlewares/ST/STM32_USB_Device_Library/Core/Src/usbd_ctlreq.o
 .text.USBD_SetAddress
                0x0000000008006824       0x86 ./Middlewares/ST/STM32_USB_Device_Library/Core/Src/usbd_ctlreq.o
 *fill*         0x00000000080068aa        0x2 
 .text.USBD_SetConfig
                0x00000000080068ac      0x11c ./Middlewares/ST/STM32_USB_Device_Library/Core/Src/usbd_ctlreq.o
 .text.USBD_GetConfig
                0x00000000080069c8       0x6a ./Middlewares/ST/STM32_USB_Device_Library/Core/Src/usbd_ctlreq.o
 .text.USBD_GetStatus
                0x0000000008006a32       0x66 ./Middlewares/ST/STM32_USB_Device_Library/Core/Src/usbd_ctlreq.o
 .text.USBD_SetFeature
                0x0000000008006a98       0x28 ./Middlewares/ST/STM32_USB_Device_Library/Core/Src/usbd_ctlreq.o
 .text.USBD_ClrFeature
                0x0000000008006ac0       0x42 ./Middlewares/ST/STM32_USB_Device_Library/Core/Src/usbd_ctlreq.o
 .text.USBD_ParseSetupRequest
                0x0000000008006b02       0x78 ./Middlewares/ST/STM32_USB_Device_Library/Core/Src/usbd_ctlreq.o
                0x0000000008006b02                USBD_ParseSetupRequest
 .text.USBD_CtlError
                0x0000000008006b7a       0x22 ./Middlewares/ST/STM32_USB_Device_Library/Core/Src/usbd_ctlreq.o
                0x0000000008006b7a                USBD_CtlError
 .text.USBD_GetString
                0x0000000008006b9c       0x84 ./Middlewares/ST/STM32_USB_Device_Library/Core/Src/usbd_ctlreq.o
                0x0000000008006b9c                USBD_GetString
 .text.USBD_GetLen
                0x0000000008006c20       0x2e ./Middlewares/ST/STM32_USB_Device_Library/Core/Src/usbd_ctlreq.o
 .text.USBD_CtlSendData
                0x0000000008006c4e       0x38 ./Middlewares/ST/STM32_USB_Device_Library/Core/Src/usbd_ioreq.o
                0x0000000008006c4e                USBD_CtlSendData
 .text.USBD_CtlContinueSendData
                0x0000000008006c86       0x24 ./Middlewares/ST/STM32_USB_Device_Library/Core/Src/usbd_ioreq.o
                0x0000000008006c86                USBD_CtlContinueSendData
 .text.USBD_CtlContinueRx
                0x0000000008006caa       0x24 ./Middlewares/ST/STM32_USB_Device_Library/Core/Src/usbd_ioreq.o
                0x0000000008006caa                USBD_CtlContinueRx
 .text.USBD_CtlSendStatus
                0x0000000008006cce       0x26 ./Middlewares/ST/STM32_USB_Device_Library/Core/Src/usbd_ioreq.o
                0x0000000008006cce                USBD_CtlSendStatus
 .text.USBD_CtlReceiveStatus
                0x0000000008006cf4       0x26 ./Middlewares/ST/STM32_USB_Device_Library/Core/Src/usbd_ioreq.o
                0x0000000008006cf4                USBD_CtlReceiveStatus
 *fill*         0x0000000008006d1a        0x2 
 .text.MX_USB_DEVICE_Init
                0x0000000008006d1c       0x4c ./USB_DEVICE/App/usb_device.o
                0x0000000008006d1c                MX_USB_DEVICE_Init
 .text.USBD_FS_DeviceDescriptor
                0x0000000008006d68       0x24 ./USB_DEVICE/App/usbd_desc.o
                0x0000000008006d68                USBD_FS_DeviceDescriptor
 .text.USBD_FS_LangIDStrDescriptor
                0x0000000008006d8c       0x24 ./USB_DEVICE/App/usbd_desc.o
                0x0000000008006d8c                USBD_FS_LangIDStrDescriptor
 .text.USBD_FS_ProductStrDescriptor
                0x0000000008006db0       0x3c ./USB_DEVICE/App/usbd_desc.o
                0x0000000008006db0                USBD_FS_ProductStrDescriptor
 .text.USBD_FS_ManufacturerStrDescriptor
                0x0000000008006dec       0x28 ./USB_DEVICE/App/usbd_desc.o
                0x0000000008006dec                USBD_FS_ManufacturerStrDescriptor
 .text.USBD_FS_SerialStrDescriptor
                0x0000000008006e14       0x24 ./USB_DEVICE/App/usbd_desc.o
                0x0000000008006e14                USBD_FS_SerialStrDescriptor
 .text.USBD_FS_ConfigStrDescriptor
                0x0000000008006e38       0x3c ./USB_DEVICE/App/usbd_desc.o
                0x0000000008006e38                USBD_FS_ConfigStrDescriptor
 .text.USBD_FS_InterfaceStrDescriptor
                0x0000000008006e74       0x3c ./USB_DEVICE/App/usbd_desc.o
                0x0000000008006e74                USBD_FS_InterfaceStrDescriptor
 .text.Get_SerialNum
                0x0000000008006eb0       0x58 ./USB_DEVICE/App/usbd_desc.o
 .text.IntToUnicode
                0x0000000008006f08       0x7c ./USB_DEVICE/App/usbd_desc.o
 .text.HAL_PCD_MspInit
                0x0000000008006f84       0x4c ./USB_DEVICE/Target/usbd_conf.o
                0x0000000008006f84                HAL_PCD_MspInit
 .text.HAL_PCD_SetupStageCallback
                0x0000000008006fd0       0x24 ./USB_DEVICE/Target/usbd_conf.o
                0x0000000008006fd0                HAL_PCD_SetupStageCallback
 .text.HAL_PCD_DataOutStageCallback
                0x0000000008006ff4       0x36 ./USB_DEVICE/Target/usbd_conf.o
                0x0000000008006ff4                HAL_PCD_DataOutStageCallback
 .text.HAL_PCD_DataInStageCallback
                0x000000000800702a       0x34 ./USB_DEVICE/Target/usbd_conf.o
                0x000000000800702a                HAL_PCD_DataInStageCallback
 .text.HAL_PCD_SOFCallback
                0x000000000800705e       0x1c ./USB_DEVICE/Target/usbd_conf.o
                0x000000000800705e                HAL_PCD_SOFCallback
 .text.HAL_PCD_ResetCallback
                0x000000000800707a       0x3c ./USB_DEVICE/Target/usbd_conf.o
                0x000000000800707a                HAL_PCD_ResetCallback
 *fill*         0x00000000080070b6        0x2 
 .text.HAL_PCD_SuspendCallback
                0x00000000080070b8       0x34 ./USB_DEVICE/Target/usbd_conf.o
                0x00000000080070b8                HAL_PCD_SuspendCallback
 .text.HAL_PCD_ResumeCallback
                0x00000000080070ec       0x1c ./USB_DEVICE/Target/usbd_conf.o
                0x00000000080070ec                HAL_PCD_ResumeCallback
 .text.USBD_LL_Init
                0x0000000008007108       0x90 ./USB_DEVICE/Target/usbd_conf.o
                0x0000000008007108                USBD_LL_Init
 .text.USBD_LL_Start
                0x0000000008007198       0x36 ./USB_DEVICE/Target/usbd_conf.o
                0x0000000008007198                USBD_LL_Start
 .text.USBD_LL_OpenEP
                0x00000000080071ce       0x4c ./USB_DEVICE/Target/usbd_conf.o
                0x00000000080071ce                USBD_LL_OpenEP
 .text.USBD_LL_CloseEP
                0x000000000800721a       0x3e ./USB_DEVICE/Target/usbd_conf.o
                0x000000000800721a                USBD_LL_CloseEP
 .text.USBD_LL_StallEP
                0x0000000008007258       0x3e ./USB_DEVICE/Target/usbd_conf.o
                0x0000000008007258                USBD_LL_StallEP
 .text.USBD_LL_ClearStallEP
                0x0000000008007296       0x3e ./USB_DEVICE/Target/usbd_conf.o
                0x0000000008007296                USBD_LL_ClearStallEP
 .text.USBD_LL_IsStallEP
                0x00000000080072d4       0x58 ./USB_DEVICE/Target/usbd_conf.o
                0x00000000080072d4                USBD_LL_IsStallEP
 .text.USBD_LL_SetUSBAddress
                0x000000000800732c       0x3e ./USB_DEVICE/Target/usbd_conf.o
                0x000000000800732c                USBD_LL_SetUSBAddress
 .text.USBD_LL_Transmit
                0x000000000800736a       0x46 ./USB_DEVICE/Target/usbd_conf.o
                0x000000000800736a                USBD_LL_Transmit
 .text.USBD_LL_PrepareReceive
                0x00000000080073b0       0x46 ./USB_DEVICE/Target/usbd_conf.o
                0x00000000080073b0                USBD_LL_PrepareReceive
 *fill*         0x00000000080073f6        0x2 
 .text.USBD_static_malloc
                0x00000000080073f8       0x18 ./USB_DEVICE/Target/usbd_conf.o
                0x00000000080073f8                USBD_static_malloc
 .text.USBD_static_free
                0x0000000008007410       0x12 ./USB_DEVICE/Target/usbd_conf.o
                0x0000000008007410                USBD_static_free
 .text.HAL_PCDEx_SetConnectionState
                0x0000000008007422       0x16 ./USB_DEVICE/Target/usbd_conf.o
                0x0000000008007422                HAL_PCDEx_SetConnectionState
 .text.USBD_Get_USB_Status
                0x0000000008007438       0x58 ./USB_DEVICE/Target/usbd_conf.o
 .text.__libc_init_array
                0x0000000008007490       0x48 /usr/share/gcc-arm-none-eabi-10.3-2021.10/bin/../lib/gcc/arm-none-eabi/10.3.1/../../../../arm-none-eabi/lib/thumb/v7-m/nofp/libc_nano.a(lib_a-init.o)
                0x0000000008007490                __libc_init_array
 .text.memset   0x00000000080074d8       0x10 /usr/share/gcc-arm-none-eabi-10.3-2021.10/bin/../lib/gcc/arm-none-eabi/10.3.1/../../../../arm-none-eabi/lib/thumb/v7-m/nofp/libc_nano.a(lib_a-memset.o)
                0x00000000080074d8                memset
 *(.glue_7)
 .glue_7        0x00000000080074e8        0x0 linker stubs
 *(.glue_7t)
 .glue_7t       0x00000000080074e8        0x0 linker stubs
 *(.eh_frame)
 .eh_frame      0x00000000080074e8        0x0 /usr/share/gcc-arm-none-eabi-10.3-2021.10/bin/../lib/gcc/arm-none-eabi/10.3.1/thumb/v7-m/nofp/crtbegin.o
 *(.init)
 .init          0x00000000080074e8        0x4 /usr/share/gcc-arm-none-eabi-10.3-2021.10/bin/../lib/gcc/arm-none-eabi/10.3.1/thumb/v7-m/nofp/crti.o
                0x00000000080074e8                _init
 .init          0x00000000080074ec        0x8 /usr/share/gcc-arm-none-eabi-10.3-2021.10/bin/../lib/gcc/arm-none-eabi/10.3.1/thumb/v7-m/nofp/crtn.o
 *(.fini)
 .fini          0x00000000080074f4        0x4 /usr/share/gcc-arm-none-eabi-10.3-2021.10/bin/../lib/gcc/arm-none-eabi/10.3.1/thumb/v7-m/nofp/crti.o
                0x00000000080074f4                _fini
 .fini          0x00000000080074f8        0x8 /usr/share/gcc-arm-none-eabi-10.3-2021.10/bin/../lib/gcc/arm-none-eabi/10.3.1/thumb/v7-m/nofp/crtn.o
                0x0000000008007500                . = ALIGN (0x4)
                0x0000000008007500                _etext = .

.vfp11_veneer   0x0000000008007500        0x0
 .vfp11_veneer  0x0000000008007500        0x0 linker stubs

.v4_bx          0x0000000008007500        0x0
 .v4_bx         0x0000000008007500        0x0 linker stubs

.iplt           0x0000000008007500        0x0
 .iplt          0x0000000008007500        0x0 /usr/share/gcc-arm-none-eabi-10.3-2021.10/bin/../lib/gcc/arm-none-eabi/10.3.1/thumb/v7-m/nofp/crtbegin.o

.rodata         0x0000000008007500       0x68
                0x0000000008007500                . = ALIGN (0x4)
 *(.rodata)
 .rodata        0x0000000008007500       0x10 ./Drivers/STM32F1xx_HAL_Driver/Src/stm32f1xx_hal_rcc.o
 .rodata        0x0000000008007510       0x46 ./USB_DEVICE/App/usbd_desc.o
 *(.rodata*)
 *fill*         0x0000000008007556        0x2 
 .rodata.AHBPrescTable
                0x0000000008007558       0x10 ./Core/Src/system_stm32f1xx.o
                0x0000000008007558                AHBPrescTable
                0x0000000008007568                . = ALIGN (0x4)

.rel.dyn        0x0000000008007568        0x0
 .rel.iplt      0x0000000008007568        0x0 /usr/share/gcc-arm-none-eabi-10.3-2021.10/bin/../lib/gcc/arm-none-eabi/10.3.1/thumb/v7-m/nofp/crtbegin.o

.ARM.extab      0x0000000008007568        0x0
                0x0000000008007568                . = ALIGN (0x4)
 *(.ARM.extab* .gnu.linkonce.armextab.*)
                0x0000000008007568                . = ALIGN (0x4)

.ARM            0x0000000008007568        0x0
                0x0000000008007568                . = ALIGN (0x4)
                0x0000000008007568                __exidx_start = .
 *(.ARM.exidx*)
                0x0000000008007568                __exidx_end = .
                0x0000000008007568                . = ALIGN (0x4)

.preinit_array  0x0000000008007568        0x0
                0x0000000008007568                . = ALIGN (0x4)
                0x0000000008007568                PROVIDE (__preinit_array_start = .)
 *(.preinit_array*)
                0x0000000008007568                PROVIDE (__preinit_array_end = .)
                0x0000000008007568                . = ALIGN (0x4)

.init_array     0x0000000008007568        0x4
                0x0000000008007568                . = ALIGN (0x4)
                0x0000000008007568                PROVIDE (__init_array_start = .)
 *(SORT_BY_NAME(.init_array.*))
 *(.init_array*)
 .init_array    0x0000000008007568        0x4 /usr/share/gcc-arm-none-eabi-10.3-2021.10/bin/../lib/gcc/arm-none-eabi/10.3.1/thumb/v7-m/nofp/crtbegin.o
                0x000000000800756c                PROVIDE (__init_array_end = .)
                0x000000000800756c                . = ALIGN (0x4)

.fini_array     0x000000000800756c        0x4
                0x000000000800756c                . = ALIGN (0x4)
                [!provide]                        PROVIDE (__fini_array_start = .)
 *(SORT_BY_NAME(.fini_array.*))
 *(.fini_array*)
 .fini_array    0x000000000800756c        0x4 /usr/share/gcc-arm-none-eabi-10.3-2021.10/bin/../lib/gcc/arm-none-eabi/10.3.1/thumb/v7-m/nofp/crtbegin.o
                [!provide]                        PROVIDE (__fini_array_end = .)
                0x0000000008007570                . = ALIGN (0x4)
                0x0000000008007570                _sidata = LOADADDR (.data)

.data           0x0000000020000000      0x158 load address 0x0000000008007570
                0x0000000020000000                . = ALIGN (0x4)
                0x0000000020000000                _sdata = .
 *(.data)
 *(.data*)
 .data.SystemCoreClock
                0x0000000020000000        0x4 ./Core/Src/system_stm32f1xx.o
                0x0000000020000000                SystemCoreClock
 .data.uwTickPrio
                0x0000000020000004        0x4 ./Drivers/STM32F1xx_HAL_Driver/Src/stm32f1xx_hal.o
                0x0000000020000004                uwTickPrio
 .data.uwTickFreq
                0x0000000020000008        0x1 ./Drivers/STM32F1xx_HAL_Driver/Src/stm32f1xx_hal.o
                0x0000000020000008                uwTickFreq
 *fill*         0x0000000020000009        0x3 
 .data.USBD_HID
                0x000000002000000c       0x38 ./Middlewares/ST/STM32_USB_Device_Library/Class/HID/Src/usbd_hid.o
                0x000000002000000c                USBD_HID
 .data.USBD_HID_CfgFSDesc
                0x0000000020000044       0x22 ./Middlewares/ST/STM32_USB_Device_Library/Class/HID/Src/usbd_hid.o
 *fill*         0x0000000020000066        0x2 
 .data.USBD_HID_CfgHSDesc
                0x0000000020000068       0x22 ./Middlewares/ST/STM32_USB_Device_Library/Class/HID/Src/usbd_hid.o
 *fill*         0x000000002000008a        0x2 
 .data.USBD_HID_OtherSpeedCfgDesc
                0x000000002000008c       0x22 ./Middlewares/ST/STM32_USB_Device_Library/Class/HID/Src/usbd_hid.o
 *fill*         0x00000000200000ae        0x2 
 .data.USBD_HID_Desc
                0x00000000200000b0        0x9 ./Middlewares/ST/STM32_USB_Device_Library/Class/HID/Src/usbd_hid.o
 *fill*         0x00000000200000b9        0x3 
 .data.USBD_HID_DeviceQualifierDesc
                0x00000000200000bc        0xa ./Middlewares/ST/STM32_USB_Device_Library/Class/HID/Src/usbd_hid.o
 *fill*         0x00000000200000c6        0x2 
 .data.HID_MOUSE_ReportDesc
                0x00000000200000c8       0x3f ./Middlewares/ST/STM32_USB_Device_Library/Class/HID/Src/usbd_hid.o
 *fill*         0x0000000020000107        0x1 
 .data.FS_Desc  0x0000000020000108       0x1c ./USB_DEVICE/App/usbd_desc.o
                0x0000000020000108                FS_Desc
 .data.USBD_FS_DeviceDesc
                0x0000000020000124       0x12 ./USB_DEVICE/App/usbd_desc.o
                0x0000000020000124                USBD_FS_DeviceDesc
 *fill*         0x0000000020000136        0x2 
 .data.USBD_LangIDDesc
                0x0000000020000138        0x4 ./USB_DEVICE/App/usbd_desc.o
                0x0000000020000138                USBD_LangIDDesc
 .data.USBD_StringSerial
                0x000000002000013c       0x1a ./USB_DEVICE/App/usbd_desc.o
                0x000000002000013c                USBD_StringSerial
 *(.RamFunc)
 *(.RamFunc*)
                0x0000000020000158                . = ALIGN (0x4)
 *fill*         0x0000000020000156        0x2 
                0x0000000020000158                _edata = .

.igot.plt       0x0000000020000158        0x0 load address 0x00000000080076c8
 .igot.plt      0x0000000020000158        0x0 /usr/share/gcc-arm-none-eabi-10.3-2021.10/bin/../lib/gcc/arm-none-eabi/10.3.1/thumb/v7-m/nofp/crtbegin.o
                0x0000000020000158                . = ALIGN (0x4)

.bss            0x0000000020000158      0x7e8 load address 0x00000000080076c8
                0x0000000020000158                _sbss = .
                0x0000000020000158                __bss_start__ = _sbss
 *(.bss)
 .bss           0x0000000020000158       0x1c /usr/share/gcc-arm-none-eabi-10.3-2021.10/bin/../lib/gcc/arm-none-eabi/10.3.1/thumb/v7-m/nofp/crtbegin.o
 *(.bss*)
 .bss.uwTick    0x0000000020000174        0x4 ./Drivers/STM32F1xx_HAL_Driver/Src/stm32f1xx_hal.o
                0x0000000020000174                uwTick
 .bss.cfgidx.0  0x0000000020000178        0x1 ./Middlewares/ST/STM32_USB_Device_Library/Core/Src/usbd_ctlreq.o
 *fill*         0x0000000020000179        0x3 
 .bss.hUsbDeviceFS
                0x000000002000017c      0x2c4 ./USB_DEVICE/App/usb_device.o
                0x000000002000017c                hUsbDeviceFS
 .bss.USBD_StrDesc
                0x0000000020000440      0x200 ./USB_DEVICE/App/usbd_desc.o
                0x0000000020000440                USBD_StrDesc
 .bss.hpcd_USB_FS
                0x0000000020000640      0x2ec ./USB_DEVICE/Target/usbd_conf.o
                0x0000000020000640                hpcd_USB_FS
 .bss.mem.0     0x000000002000092c       0x14 ./USB_DEVICE/Target/usbd_conf.o
 *(COMMON)
                0x0000000020000940                . = ALIGN (0x4)
                0x0000000020000940                _ebss = .
                0x0000000020000940                __bss_end__ = _ebss

._user_heap_stack
                0x0000000020000940      0x600 load address 0x00000000080076c8
                0x0000000020000940                . = ALIGN (0x8)
                [!provide]                        PROVIDE (end = .)
                0x0000000020000940                PROVIDE (_end = .)
                0x0000000020000b40                . = (. + _Min_Heap_Size)
 *fill*         0x0000000020000940      0x200 
                0x0000000020000f40                . = (. + _Min_Stack_Size)
 *fill*         0x0000000020000b40      0x400 
                0x0000000020000f40                . = ALIGN (0x8)

/DISCARD/
 libc.a(*)
 libm.a(*)
 libgcc.a(*)

.ARM.attributes
                0x0000000000000000       0x29
 *(.ARM.attributes)
 .ARM.attributes
                0x0000000000000000       0x1d /usr/share/gcc-arm-none-eabi-10.3-2021.10/bin/../lib/gcc/arm-none-eabi/10.3.1/thumb/v7-m/nofp/crti.o
 .ARM.attributes
                0x000000000000001d       0x2d /usr/share/gcc-arm-none-eabi-10.3-2021.10/bin/../lib/gcc/arm-none-eabi/10.3.1/thumb/v7-m/nofp/crtbegin.o
 .ARM.attributes
                0x000000000000004a       0x2d ./Core/Src/main.o
 .ARM.attributes
                0x0000000000000077       0x2d ./Core/Src/stm32f1xx_hal_msp.o
 .ARM.attributes
                0x00000000000000a4       0x2d ./Core/Src/stm32f1xx_it.o
 .ARM.attributes
                0x00000000000000d1       0x2d ./Core/Src/system_stm32f1xx.o
 .ARM.attributes
                0x00000000000000fe       0x21 ./Core/Startup/startup_stm32f103c6tx.o
 .ARM.attributes
                0x000000000000011f       0x2d ./Drivers/STM32F1xx_HAL_Driver/Src/stm32f1xx_hal.o
 .ARM.attributes
                0x000000000000014c       0x2d ./Drivers/STM32F1xx_HAL_Driver/Src/stm32f1xx_hal_cortex.o
 .ARM.attributes
                0x0000000000000179       0x2d ./Drivers/STM32F1xx_HAL_Driver/Src/stm32f1xx_hal_gpio.o
 .ARM.attributes
                0x00000000000001a6       0x2d ./Drivers/STM32F1xx_HAL_Driver/Src/stm32f1xx_hal_pcd.o
 .ARM.attributes
                0x00000000000001d3       0x2d ./Drivers/STM32F1xx_HAL_Driver/Src/stm32f1xx_hal_pcd_ex.o
 .ARM.attributes
                0x0000000000000200       0x2d ./Drivers/STM32F1xx_HAL_Driver/Src/stm32f1xx_hal_rcc.o
 .ARM.attributes
                0x000000000000022d       0x2d ./Drivers/STM32F1xx_HAL_Driver/Src/stm32f1xx_hal_rcc_ex.o
 .ARM.attributes
                0x000000000000025a       0x2d ./Drivers/STM32F1xx_HAL_Driver/Src/stm32f1xx_ll_usb.o
 .ARM.attributes
                0x0000000000000287       0x2d ./Middlewares/ST/STM32_USB_Device_Library/Class/HID/Src/usbd_hid.o
 .ARM.attributes
                0x00000000000002b4       0x2d ./Middlewares/ST/STM32_USB_Device_Library/Core/Src/usbd_core.o
 .ARM.attributes
                0x00000000000002e1       0x2d ./Middlewares/ST/STM32_USB_Device_Library/Core/Src/usbd_ctlreq.o
 .ARM.attributes
                0x000000000000030e       0x2d ./Middlewares/ST/STM32_USB_Device_Library/Core/Src/usbd_ioreq.o
 .ARM.attributes
                0x000000000000033b       0x2d ./USB_DEVICE/App/usb_device.o
 .ARM.attributes
                0x0000000000000368       0x2d ./USB_DEVICE/App/usbd_desc.o
 .ARM.attributes
                0x0000000000000395       0x2d ./USB_DEVICE/Target/usbd_conf.o
 .ARM.attributes
                0x00000000000003c2       0x2d /usr/share/gcc-arm-none-eabi-10.3-2021.10/bin/../lib/gcc/arm-none-eabi/10.3.1/../../../../arm-none-eabi/lib/thumb/v7-m/nofp/libc_nano.a(lib_a-init.o)
 .ARM.attributes
                0x00000000000003ef       0x2d /usr/share/gcc-arm-none-eabi-10.3-2021.10/bin/../lib/gcc/arm-none-eabi/10.3.1/../../../../arm-none-eabi/lib/thumb/v7-m/nofp/libc_nano.a(lib_a-memset.o)
 .ARM.attributes
                0x000000000000041c       0x1d /usr/share/gcc-arm-none-eabi-10.3-2021.10/bin/../lib/gcc/arm-none-eabi/10.3.1/thumb/v7-m/nofp/crtn.o
OUTPUT(usb_kb_103.elf elf32-littlearm)
LOAD linker stubs
LOAD /usr/share/gcc-arm-none-eabi-10.3-2021.10/bin/../lib/gcc/arm-none-eabi/10.3.1/../../../../arm-none-eabi/lib/thumb/v7-m/nofp/libc.a
LOAD /usr/share/gcc-arm-none-eabi-10.3-2021.10/bin/../lib/gcc/arm-none-eabi/10.3.1/../../../../arm-none-eabi/lib/thumb/v7-m/nofp/libm.a
LOAD /usr/share/gcc-arm-none-eabi-10.3-2021.10/bin/../lib/gcc/arm-none-eabi/10.3.1/thumb/v7-m/nofp/libgcc.a

.debug_info     0x0000000000000000     0xadf3
 .debug_info    0x0000000000000000      0x9e4 ./Core/Src/main.o
 .debug_info    0x00000000000009e4      0x210 ./Core/Src/stm32f1xx_hal_msp.o
 .debug_info    0x0000000000000bf4      0x63f ./Core/Src/stm32f1xx_it.o
 .debug_info    0x0000000000001233      0x23d ./Core/Src/system_stm32f1xx.o
 .debug_info    0x0000000000001470       0x22 ./Core/Startup/startup_stm32f103c6tx.o
 .debug_info    0x0000000000001492      0x6c3 ./Drivers/STM32F1xx_HAL_Driver/Src/stm32f1xx_hal.o
 .debug_info    0x0000000000001b55      0xb02 ./Drivers/STM32F1xx_HAL_Driver/Src/stm32f1xx_hal_cortex.o
 .debug_info    0x0000000000002657      0x615 ./Drivers/STM32F1xx_HAL_Driver/Src/stm32f1xx_hal_gpio.o
 .debug_info    0x0000000000002c6c     0x1435 ./Drivers/STM32F1xx_HAL_Driver/Src/stm32f1xx_hal_pcd.o
 .debug_info    0x00000000000040a1      0x728 ./Drivers/STM32F1xx_HAL_Driver/Src/stm32f1xx_hal_pcd_ex.o
 .debug_info    0x00000000000047c9      0x819 ./Drivers/STM32F1xx_HAL_Driver/Src/stm32f1xx_hal_rcc.o
 .debug_info    0x0000000000004fe2      0x3c6 ./Drivers/STM32F1xx_HAL_Driver/Src/stm32f1xx_hal_rcc_ex.o
 .debug_info    0x00000000000053a8     0x190d ./Drivers/STM32F1xx_HAL_Driver/Src/stm32f1xx_ll_usb.o
 .debug_info    0x0000000000006cb5      0x8d1 ./Middlewares/ST/STM32_USB_Device_Library/Class/HID/Src/usbd_hid.o
 .debug_info    0x0000000000007586      0x971 ./Middlewares/ST/STM32_USB_Device_Library/Core/Src/usbd_core.o
 .debug_info    0x0000000000007ef7      0x8de ./Middlewares/ST/STM32_USB_Device_Library/Core/Src/usbd_ctlreq.o
 .debug_info    0x00000000000087d5      0x6b0 ./Middlewares/ST/STM32_USB_Device_Library/Core/Src/usbd_ioreq.o
 .debug_info    0x0000000000008e85      0x531 ./USB_DEVICE/App/usb_device.o
 .debug_info    0x00000000000093b6      0x468 ./USB_DEVICE/App/usbd_desc.o
 .debug_info    0x000000000000981e     0x15d5 ./USB_DEVICE/Target/usbd_conf.o

.debug_abbrev   0x0000000000000000     0x2383
 .debug_abbrev  0x0000000000000000      0x249 ./Core/Src/main.o
 .debug_abbrev  0x0000000000000249       0xd4 ./Core/Src/stm32f1xx_hal_msp.o
 .debug_abbrev  0x000000000000031d      0x159 ./Core/Src/stm32f1xx_it.o
 .debug_abbrev  0x0000000000000476      0x13b ./Core/Src/system_stm32f1xx.o
 .debug_abbrev  0x00000000000005b1       0x12 ./Core/Startup/startup_stm32f103c6tx.o
 .debug_abbrev  0x00000000000005c3      0x1c8 ./Drivers/STM32F1xx_HAL_Driver/Src/stm32f1xx_hal.o
 .debug_abbrev  0x000000000000078b      0x2ed ./Drivers/STM32F1xx_HAL_Driver/Src/stm32f1xx_hal_cortex.o
 .debug_abbrev  0x0000000000000a78      0x1bb ./Drivers/STM32F1xx_HAL_Driver/Src/stm32f1xx_hal_gpio.o
 .debug_abbrev  0x0000000000000c33      0x271 ./Drivers/STM32F1xx_HAL_Driver/Src/stm32f1xx_hal_pcd.o
 .debug_abbrev  0x0000000000000ea4      0x17f ./Drivers/STM32F1xx_HAL_Driver/Src/stm32f1xx_hal_pcd_ex.o
 .debug_abbrev  0x0000000000001023      0x260 ./Drivers/STM32F1xx_HAL_Driver/Src/stm32f1xx_hal_rcc.o
 .debug_abbrev  0x0000000000001283      0x16d ./Drivers/STM32F1xx_HAL_Driver/Src/stm32f1xx_hal_rcc_ex.o
 .debug_abbrev  0x00000000000013f0      0x1cd ./Drivers/STM32F1xx_HAL_Driver/Src/stm32f1xx_ll_usb.o
 .debug_abbrev  0x00000000000015bd      0x22c ./Middlewares/ST/STM32_USB_Device_Library/Class/HID/Src/usbd_hid.o
 .debug_abbrev  0x00000000000017e9      0x20a ./Middlewares/ST/STM32_USB_Device_Library/Core/Src/usbd_core.o
 .debug_abbrev  0x00000000000019f3      0x240 ./Middlewares/ST/STM32_USB_Device_Library/Core/Src/usbd_ctlreq.o
 .debug_abbrev  0x0000000000001c33      0x16c ./Middlewares/ST/STM32_USB_Device_Library/Core/Src/usbd_ioreq.o
 .debug_abbrev  0x0000000000001d9f      0x150 ./USB_DEVICE/App/usb_device.o
 .debug_abbrev  0x0000000000001eef      0x1e5 ./USB_DEVICE/App/usbd_desc.o
 .debug_abbrev  0x00000000000020d4      0x2af ./USB_DEVICE/Target/usbd_conf.o

.debug_aranges  0x0000000000000000      0xa00
 .debug_aranges
                0x0000000000000000       0x40 ./Core/Src/main.o
 .debug_aranges
                0x0000000000000040       0x20 ./Core/Src/stm32f1xx_hal_msp.o
 .debug_aranges
                0x0000000000000060       0x68 ./Core/Src/stm32f1xx_it.o
 .debug_aranges
                0x00000000000000c8       0x28 ./Core/Src/system_stm32f1xx.o
 .debug_aranges
                0x00000000000000f0       0x28 ./Core/Startup/startup_stm32f103c6tx.o
 .debug_aranges
                0x0000000000000118       0xe0 ./Drivers/STM32F1xx_HAL_Driver/Src/stm32f1xx_hal.o
 .debug_aranges
                0x00000000000001f8      0x100 ./Drivers/STM32F1xx_HAL_Driver/Src/stm32f1xx_hal_cortex.o
 .debug_aranges
                0x00000000000002f8       0x58 ./Drivers/STM32F1xx_HAL_Driver/Src/stm32f1xx_hal_gpio.o
 .debug_aranges
                0x0000000000000350      0x138 ./Drivers/STM32F1xx_HAL_Driver/Src/stm32f1xx_hal_pcd.o
 .debug_aranges
                0x0000000000000488       0x38 ./Drivers/STM32F1xx_HAL_Driver/Src/stm32f1xx_hal_pcd_ex.o
 .debug_aranges
                0x00000000000004c0       0x90 ./Drivers/STM32F1xx_HAL_Driver/Src/stm32f1xx_hal_rcc.o
 .debug_aranges
                0x0000000000000550       0x30 ./Drivers/STM32F1xx_HAL_Driver/Src/stm32f1xx_hal_rcc_ex.o
 .debug_aranges
                0x0000000000000580       0xf0 ./Drivers/STM32F1xx_HAL_Driver/Src/stm32f1xx_ll_usb.o
 .debug_aranges
                0x0000000000000670       0x68 ./Middlewares/ST/STM32_USB_Device_Library/Class/HID/Src/usbd_hid.o
 .debug_aranges
                0x00000000000006d8       0xb8 ./Middlewares/ST/STM32_USB_Device_Library/Core/Src/usbd_core.o
 .debug_aranges
                0x0000000000000790       0x88 ./Middlewares/ST/STM32_USB_Device_Library/Core/Src/usbd_ctlreq.o
 .debug_aranges
                0x0000000000000818       0x50 ./Middlewares/ST/STM32_USB_Device_Library/Core/Src/usbd_ioreq.o
 .debug_aranges
                0x0000000000000868       0x20 ./USB_DEVICE/App/usb_device.o
 .debug_aranges
                0x0000000000000888       0x60 ./USB_DEVICE/App/usbd_desc.o
 .debug_aranges
                0x00000000000008e8      0x118 ./USB_DEVICE/Target/usbd_conf.o

.debug_ranges   0x0000000000000000      0x8c8
 .debug_ranges  0x0000000000000000       0x30 ./Core/Src/main.o
 .debug_ranges  0x0000000000000030       0x10 ./Core/Src/stm32f1xx_hal_msp.o
 .debug_ranges  0x0000000000000040       0x58 ./Core/Src/stm32f1xx_it.o
 .debug_ranges  0x0000000000000098       0x18 ./Core/Src/system_stm32f1xx.o
 .debug_ranges  0x00000000000000b0       0x20 ./Core/Startup/startup_stm32f103c6tx.o
 .debug_ranges  0x00000000000000d0       0xd0 ./Drivers/STM32F1xx_HAL_Driver/Src/stm32f1xx_hal.o
 .debug_ranges  0x00000000000001a0       0xf0 ./Drivers/STM32F1xx_HAL_Driver/Src/stm32f1xx_hal_cortex.o
 .debug_ranges  0x0000000000000290       0x48 ./Drivers/STM32F1xx_HAL_Driver/Src/stm32f1xx_hal_gpio.o
 .debug_ranges  0x00000000000002d8      0x128 ./Drivers/STM32F1xx_HAL_Driver/Src/stm32f1xx_hal_pcd.o
 .debug_ranges  0x0000000000000400       0x28 ./Drivers/STM32F1xx_HAL_Driver/Src/stm32f1xx_hal_pcd_ex.o
 .debug_ranges  0x0000000000000428       0x80 ./Drivers/STM32F1xx_HAL_Driver/Src/stm32f1xx_hal_rcc.o
 .debug_ranges  0x00000000000004a8       0x20 ./Drivers/STM32F1xx_HAL_Driver/Src/stm32f1xx_hal_rcc_ex.o
 .debug_ranges  0x00000000000004c8       0xe0 ./Drivers/STM32F1xx_HAL_Driver/Src/stm32f1xx_ll_usb.o
 .debug_ranges  0x00000000000005a8       0x58 ./Middlewares/ST/STM32_USB_Device_Library/Class/HID/Src/usbd_hid.o
 .debug_ranges  0x0000000000000600       0xa8 ./Middlewares/ST/STM32_USB_Device_Library/Core/Src/usbd_core.o
 .debug_ranges  0x00000000000006a8       0x78 ./Middlewares/ST/STM32_USB_Device_Library/Core/Src/usbd_ctlreq.o
 .debug_ranges  0x0000000000000720       0x40 ./Middlewares/ST/STM32_USB_Device_Library/Core/Src/usbd_ioreq.o
 .debug_ranges  0x0000000000000760       0x10 ./USB_DEVICE/App/usb_device.o
 .debug_ranges  0x0000000000000770       0x50 ./USB_DEVICE/App/usbd_desc.o
 .debug_ranges  0x00000000000007c0      0x108 ./USB_DEVICE/Target/usbd_conf.o

.debug_macro    0x0000000000000000    0x19264
 .debug_macro   0x0000000000000000      0x3e4 ./Core/Src/main.o
 .debug_macro   0x00000000000003e4      0xa6c ./Core/Src/main.o
 .debug_macro   0x0000000000000e50       0x22 ./Core/Src/main.o
 .debug_macro   0x0000000000000e72      0x215 ./Core/Src/main.o
 .debug_macro   0x0000000000001087       0x2e ./Core/Src/main.o
 .debug_macro   0x00000000000010b5       0x22 ./Core/Src/main.o
 .debug_macro   0x00000000000010d7       0x22 ./Core/Src/main.o
 .debug_macro   0x00000000000010f9       0x8e ./Core/Src/main.o
 .debug_macro   0x0000000000001187       0x51 ./Core/Src/main.o
 .debug_macro   0x00000000000011d8      0x103 ./Core/Src/main.o
 .debug_macro   0x00000000000012db       0x6a ./Core/Src/main.o
 .debug_macro   0x0000000000001345      0x1df ./Core/Src/main.o
 .debug_macro   0x0000000000001524       0x1c ./Core/Src/main.o
 .debug_macro   0x0000000000001540       0x22 ./Core/Src/main.o
 .debug_macro   0x0000000000001562       0xbd ./Core/Src/main.o
 .debug_macro   0x000000000000161f      0xd23 ./Core/Src/main.o
 .debug_macro   0x0000000000002342     0xde75 ./Core/Src/main.o
 .debug_macro   0x00000000000101b7       0x6d ./Core/Src/main.o
 .debug_macro   0x0000000000010224     0x3468 ./Core/Src/main.o
 .debug_macro   0x000000000001368c      0x174 ./Core/Src/main.o
 .debug_macro   0x0000000000013800       0x5c ./Core/Src/main.o
 .debug_macro   0x000000000001385c      0x5be ./Core/Src/main.o
 .debug_macro   0x0000000000013e1a      0x1b7 ./Core/Src/main.o
 .debug_macro   0x0000000000013fd1      0x1cb ./Core/Src/main.o
 .debug_macro   0x000000000001419c      0x114 ./Core/Src/main.o
 .debug_macro   0x00000000000142b0      0x1b2 ./Core/Src/main.o
 .debug_macro   0x0000000000014462       0x27 ./Core/Src/main.o
 .debug_macro   0x0000000000014489      0x12f ./Core/Src/main.o
 .debug_macro   0x00000000000145b8      0x1bc ./Core/Src/main.o
 .debug_macro   0x0000000000014774       0x34 ./Core/Src/main.o
 .debug_macro   0x00000000000147a8       0x3c ./Core/Src/main.o
 .debug_macro   0x00000000000147e4       0x57 ./Core/Src/main.o
 .debug_macro   0x000000000001483b       0x88 ./Core/Src/main.o
 .debug_macro   0x00000000000148c3      0x183 ./Core/Src/main.o
 .debug_macro   0x0000000000014a46      0x141 ./Core/Src/main.o
 .debug_macro   0x0000000000014b87       0x65 ./Core/Src/main.o
 .debug_macro   0x0000000000014bec      0x249 ./Core/Src/main.o
 .debug_macro   0x0000000000014e35       0x69 ./Core/Src/main.o
 .debug_macro   0x0000000000014e9e       0x52 ./Core/Src/main.o
 .debug_macro   0x0000000000014ef0       0x18 ./Core/Src/main.o
 .debug_macro   0x0000000000014f08       0x3c ./Core/Src/main.o
 .debug_macro   0x0000000000014f44       0x34 ./Core/Src/main.o
 .debug_macro   0x0000000000014f78       0x16 ./Core/Src/main.o
 .debug_macro   0x0000000000014f8e       0x35 ./Core/Src/main.o
 .debug_macro   0x0000000000014fc3      0x341 ./Core/Src/main.o
 .debug_macro   0x0000000000015304       0x10 ./Core/Src/main.o
 .debug_macro   0x0000000000015314       0x16 ./Core/Src/main.o
 .debug_macro   0x000000000001532a       0x43 ./Core/Src/main.o
 .debug_macro   0x000000000001536d       0x34 ./Core/Src/main.o
 .debug_macro   0x00000000000153a1       0x10 ./Core/Src/main.o
 .debug_macro   0x00000000000153b1       0x58 ./Core/Src/main.o
 .debug_macro   0x0000000000015409       0x71 ./Core/Src/main.o
 .debug_macro   0x000000000001547a       0x1c ./Core/Src/main.o
 .debug_macro   0x0000000000015496      0x12a ./Core/Src/main.o
 .debug_macro   0x00000000000155c0       0x10 ./Core/Src/main.o
 .debug_macro   0x00000000000155d0       0x1c ./Core/Src/main.o
 .debug_macro   0x00000000000155ec       0x52 ./Core/Src/main.o
 .debug_macro   0x000000000001563e       0x22 ./Core/Src/main.o
 .debug_macro   0x0000000000015660       0x10 ./Core/Src/main.o
 .debug_macro   0x0000000000015670       0x52 ./Core/Src/main.o
 .debug_macro   0x00000000000156c2       0xd5 ./Core/Src/main.o
 .debug_macro   0x0000000000015797       0x1c ./Core/Src/main.o
 .debug_macro   0x00000000000157b3       0x3d ./Core/Src/main.o
 .debug_macro   0x00000000000157f0       0x16 ./Core/Src/main.o
 .debug_macro   0x0000000000015806      0x145 ./Core/Src/main.o
 .debug_macro   0x000000000001594b       0x16 ./Core/Src/main.o
 .debug_macro   0x0000000000015961       0x16 ./Core/Src/main.o
 .debug_macro   0x0000000000015977       0x29 ./Core/Src/main.o
 .debug_macro   0x00000000000159a0       0x16 ./Core/Src/main.o
 .debug_macro   0x00000000000159b6       0x60 ./Core/Src/main.o
 .debug_macro   0x0000000000015a16      0x1c8 ./Core/Src/main.o
 .debug_macro   0x0000000000015bde       0x5e ./Core/Src/main.o
 .debug_macro   0x0000000000015c3c      0x48b ./Core/Src/main.o
 .debug_macro   0x00000000000160c7      0x1ba ./Core/Src/stm32f1xx_hal_msp.o
 .debug_macro   0x0000000000016281      0x1c4 ./Core/Src/stm32f1xx_it.o
 .debug_macro   0x0000000000016445      0x1a7 ./Core/Src/system_stm32f1xx.o
 .debug_macro   0x00000000000165ec      0x1cb ./Drivers/STM32F1xx_HAL_Driver/Src/stm32f1xx_hal.o
 .debug_macro   0x00000000000167b7      0x1a7 ./Drivers/STM32F1xx_HAL_Driver/Src/stm32f1xx_hal_cortex.o
 .debug_macro   0x000000000001695e      0x212 ./Drivers/STM32F1xx_HAL_Driver/Src/stm32f1xx_hal_gpio.o
 .debug_macro   0x0000000000016b70      0x1b3 ./Drivers/STM32F1xx_HAL_Driver/Src/stm32f1xx_hal_pcd.o
 .debug_macro   0x0000000000016d23      0x1a7 ./Drivers/STM32F1xx_HAL_Driver/Src/stm32f1xx_hal_pcd_ex.o
 .debug_macro   0x0000000000016eca      0x1b9 ./Drivers/STM32F1xx_HAL_Driver/Src/stm32f1xx_hal_rcc.o
 .debug_macro   0x0000000000017083      0x1a7 ./Drivers/STM32F1xx_HAL_Driver/Src/stm32f1xx_hal_rcc_ex.o
 .debug_macro   0x000000000001722a      0x1a7 ./Drivers/STM32F1xx_HAL_Driver/Src/stm32f1xx_ll_usb.o
 .debug_macro   0x00000000000173d1      0x3cb ./Middlewares/ST/STM32_USB_Device_Library/Class/HID/Src/usbd_hid.o
 .debug_macro   0x000000000001779c       0x97 ./Middlewares/ST/STM32_USB_Device_Library/Class/HID/Src/usbd_hid.o
 .debug_macro   0x0000000000017833       0xfd ./Middlewares/ST/STM32_USB_Device_Library/Class/HID/Src/usbd_hid.o
 .debug_macro   0x0000000000017930       0x56 ./Middlewares/ST/STM32_USB_Device_Library/Class/HID/Src/usbd_hid.o
 .debug_macro   0x0000000000017986      0x3b2 ./Middlewares/ST/STM32_USB_Device_Library/Core/Src/usbd_core.o
 .debug_macro   0x0000000000017d38      0x1ce ./Middlewares/ST/STM32_USB_Device_Library/Core/Src/usbd_core.o
 .debug_macro   0x0000000000017f06      0x3bc ./Middlewares/ST/STM32_USB_Device_Library/Core/Src/usbd_ctlreq.o
 .debug_macro   0x00000000000182c2      0x3b8 ./Middlewares/ST/STM32_USB_Device_Library/Core/Src/usbd_ioreq.o
 .debug_macro   0x000000000001867a      0x3e8 ./USB_DEVICE/App/usb_device.o
 .debug_macro   0x0000000000018a62       0x22 ./USB_DEVICE/App/usb_device.o
 .debug_macro   0x0000000000018a84      0x3ef ./USB_DEVICE/App/usbd_desc.o
 .debug_macro   0x0000000000018e73       0x1c ./USB_DEVICE/App/usbd_desc.o
 .debug_macro   0x0000000000018e8f      0x3d5 ./USB_DEVICE/Target/usbd_conf.o

.debug_line     0x0000000000000000     0xaf3f
 .debug_line    0x0000000000000000      0x893 ./Core/Src/main.o
 .debug_line    0x0000000000000893      0x4ce ./Core/Src/stm32f1xx_hal_msp.o
 .debug_line    0x0000000000000d61      0x5a7 ./Core/Src/stm32f1xx_it.o
 .debug_line    0x0000000000001308      0x53e ./Core/Src/system_stm32f1xx.o
 .debug_line    0x0000000000001846       0x87 ./Core/Startup/startup_stm32f103c6tx.o
 .debug_line    0x00000000000018cd      0x76b ./Drivers/STM32F1xx_HAL_Driver/Src/stm32f1xx_hal.o
 .debug_line    0x0000000000002038      0x953 ./Drivers/STM32F1xx_HAL_Driver/Src/stm32f1xx_hal_cortex.o
 .debug_line    0x000000000000298b      0x7ed ./Drivers/STM32F1xx_HAL_Driver/Src/stm32f1xx_hal_gpio.o
 .debug_line    0x0000000000003178     0x1159 ./Drivers/STM32F1xx_HAL_Driver/Src/stm32f1xx_hal_pcd.o
 .debug_line    0x00000000000042d1      0x539 ./Drivers/STM32F1xx_HAL_Driver/Src/stm32f1xx_hal_pcd_ex.o
 .debug_line    0x000000000000480a      0xb79 ./Drivers/STM32F1xx_HAL_Driver/Src/stm32f1xx_hal_rcc.o
 .debug_line    0x0000000000005383      0x6b6 ./Drivers/STM32F1xx_HAL_Driver/Src/stm32f1xx_hal_rcc_ex.o
 .debug_line    0x0000000000005a39      0xe9e ./Drivers/STM32F1xx_HAL_Driver/Src/stm32f1xx_ll_usb.o
 .debug_line    0x00000000000068d7      0x9a4 ./Middlewares/ST/STM32_USB_Device_Library/Class/HID/Src/usbd_hid.o
 .debug_line    0x000000000000727b      0xb6b ./Middlewares/ST/STM32_USB_Device_Library/Core/Src/usbd_core.o
 .debug_line    0x0000000000007de6      0xd8d ./Middlewares/ST/STM32_USB_Device_Library/Core/Src/usbd_ctlreq.o
 .debug_line    0x0000000000008b73      0x801 ./Middlewares/ST/STM32_USB_Device_Library/Core/Src/usbd_ioreq.o
 .debug_line    0x0000000000009374      0x7a7 ./USB_DEVICE/App/usb_device.o
 .debug_line    0x0000000000009b1b      0x88a ./USB_DEVICE/App/usbd_desc.o
 .debug_line    0x000000000000a3a5      0xb9a ./USB_DEVICE/Target/usbd_conf.o

.debug_str      0x0000000000000000    0x82d82
 .debug_str     0x0000000000000000    0x80750 ./Core/Src/main.o
                                      0x80b56 (size before relaxing)
 .debug_str     0x0000000000080750       0x5a ./Core/Src/stm32f1xx_hal_msp.o
                                      0x7b05b (size before relaxing)
 .debug_str     0x00000000000807aa      0x3d9 ./Core/Src/stm32f1xx_it.o
                                      0x7b410 (size before relaxing)
 .debug_str     0x0000000000080b83       0x7e ./Core/Src/system_stm32f1xx.o
                                      0x7b040 (size before relaxing)
 .debug_str     0x0000000000080c01       0x36 ./Core/Startup/startup_stm32f103c6tx.o
                                         0x6a (size before relaxing)
 .debug_str     0x0000000000080c37      0x5a5 ./Drivers/STM32F1xx_HAL_Driver/Src/stm32f1xx_hal.o
                                      0x7b6ea (size before relaxing)
 .debug_str     0x00000000000811dc      0x2e2 ./Drivers/STM32F1xx_HAL_Driver/Src/stm32f1xx_hal_cortex.o
                                      0x7b685 (size before relaxing)
 .debug_str     0x00000000000814be      0x340 ./Drivers/STM32F1xx_HAL_Driver/Src/stm32f1xx_hal_gpio.o
                                      0x7b3c6 (size before relaxing)
 .debug_str     0x00000000000817fe      0x3e5 ./Drivers/STM32F1xx_HAL_Driver/Src/stm32f1xx_hal_pcd.o
                                      0x7b767 (size before relaxing)
 .debug_str     0x0000000000081be3      0x18d ./Drivers/STM32F1xx_HAL_Driver/Src/stm32f1xx_hal_pcd_ex.o
                                      0x7b4b4 (size before relaxing)
 .debug_str     0x0000000000081d70      0x24f ./Drivers/STM32F1xx_HAL_Driver/Src/stm32f1xx_hal_rcc.o
                                      0x7b448 (size before relaxing)
 .debug_str     0x0000000000081fbf       0xb9 ./Drivers/STM32F1xx_HAL_Driver/Src/stm32f1xx_hal_rcc_ex.o
                                      0x7b19e (size before relaxing)
 .debug_str     0x0000000000082078      0x2ad ./Drivers/STM32F1xx_HAL_Driver/Src/stm32f1xx_ll_usb.o
                                      0x7b4e7 (size before relaxing)
 .debug_str     0x0000000000082325      0x25d ./Middlewares/ST/STM32_USB_Device_Library/Class/HID/Src/usbd_hid.o
                                      0x7ff7a (size before relaxing)
 .debug_str     0x0000000000082582      0x1a2 ./Middlewares/ST/STM32_USB_Device_Library/Core/Src/usbd_core.o
                                      0x7fd83 (size before relaxing)
 .debug_str     0x0000000000082724      0x12f ./Middlewares/ST/STM32_USB_Device_Library/Core/Src/usbd_ctlreq.o
                                      0x7fd09 (size before relaxing)
 .debug_str     0x0000000000082853       0xc9 ./Middlewares/ST/STM32_USB_Device_Library/Core/Src/usbd_ioreq.o
                                      0x7fc91 (size before relaxing)
 .debug_str     0x000000000008291c       0xb5 ./USB_DEVICE/App/usb_device.o
                                      0x7fdfb (size before relaxing)
 .debug_str     0x00000000000829d1      0x258 ./USB_DEVICE/App/usbd_desc.o
                                      0x7fbfc (size before relaxing)
 .debug_str     0x0000000000082c29      0x159 ./USB_DEVICE/Target/usbd_conf.o
                                      0x80706 (size before relaxing)

.comment        0x0000000000000000       0x49
 .comment       0x0000000000000000       0x49 ./Core/Src/main.o
                                         0x4a (size before relaxing)
 .comment       0x0000000000000049       0x4a ./Core/Src/stm32f1xx_hal_msp.o
 .comment       0x0000000000000049       0x4a ./Core/Src/stm32f1xx_it.o
 .comment       0x0000000000000049       0x4a ./Core/Src/system_stm32f1xx.o
 .comment       0x0000000000000049       0x4a ./Drivers/STM32F1xx_HAL_Driver/Src/stm32f1xx_hal.o
 .comment       0x0000000000000049       0x4a ./Drivers/STM32F1xx_HAL_Driver/Src/stm32f1xx_hal_cortex.o
 .comment       0x0000000000000049       0x4a ./Drivers/STM32F1xx_HAL_Driver/Src/stm32f1xx_hal_gpio.o
 .comment       0x0000000000000049       0x4a ./Drivers/STM32F1xx_HAL_Driver/Src/stm32f1xx_hal_pcd.o
 .comment       0x0000000000000049       0x4a ./Drivers/STM32F1xx_HAL_Driver/Src/stm32f1xx_hal_pcd_ex.o
 .comment       0x0000000000000049       0x4a ./Drivers/STM32F1xx_HAL_Driver/Src/stm32f1xx_hal_rcc.o
 .comment       0x0000000000000049       0x4a ./Drivers/STM32F1xx_HAL_Driver/Src/stm32f1xx_hal_rcc_ex.o
 .comment       0x0000000000000049       0x4a ./Drivers/STM32F1xx_HAL_Driver/Src/stm32f1xx_ll_usb.o
 .comment       0x0000000000000049       0x4a ./Middlewares/ST/STM32_USB_Device_Library/Class/HID/Src/usbd_hid.o
 .comment       0x0000000000000049       0x4a ./Middlewares/ST/STM32_USB_Device_Library/Core/Src/usbd_core.o
 .comment       0x0000000000000049       0x4a ./Middlewares/ST/STM32_USB_Device_Library/Core/Src/usbd_ctlreq.o
 .comment       0x0000000000000049       0x4a ./Middlewares/ST/STM32_USB_Device_Library/Core/Src/usbd_ioreq.o
 .comment       0x0000000000000049       0x4a ./USB_DEVICE/App/usb_device.o
 .comment       0x0000000000000049       0x4a ./USB_DEVICE/App/usbd_desc.o
 .comment       0x0000000000000049       0x4a ./USB_DEVICE/Target/usbd_conf.o

.debug_frame    0x0000000000000000     0x2654
 .debug_frame   0x0000000000000000       0xb4 ./Core/Src/main.o
 .debug_frame   0x00000000000000b4       0x38 ./Core/Src/stm32f1xx_hal_msp.o
 .debug_frame   0x00000000000000ec      0x120 ./Core/Src/stm32f1xx_it.o
 .debug_frame   0x000000000000020c       0x58 ./Core/Src/system_stm32f1xx.o
 .debug_frame   0x0000000000000264      0x334 ./Drivers/STM32F1xx_HAL_Driver/Src/stm32f1xx_hal.o
 .debug_frame   0x0000000000000598      0x428 ./Drivers/STM32F1xx_HAL_Driver/Src/stm32f1xx_hal_cortex.o
 .debug_frame   0x00000000000009c0      0x14c ./Drivers/STM32F1xx_HAL_Driver/Src/stm32f1xx_hal_gpio.o
 .debug_frame   0x0000000000000b0c      0x578 ./Drivers/STM32F1xx_HAL_Driver/Src/stm32f1xx_hal_pcd.o
 .debug_frame   0x0000000000001084       0xb0 ./Drivers/STM32F1xx_HAL_Driver/Src/stm32f1xx_hal_pcd_ex.o
 .debug_frame   0x0000000000001134      0x21c ./Drivers/STM32F1xx_HAL_Driver/Src/stm32f1xx_hal_rcc.o
 .debug_frame   0x0000000000001350       0x84 ./Drivers/STM32F1xx_HAL_Driver/Src/stm32f1xx_hal_rcc_ex.o
 .debug_frame   0x00000000000013d4      0x450 ./Drivers/STM32F1xx_HAL_Driver/Src/stm32f1xx_ll_usb.o
 .debug_frame   0x0000000000001824      0x190 ./Middlewares/ST/STM32_USB_Device_Library/Class/HID/Src/usbd_hid.o
 .debug_frame   0x00000000000019b4      0x300 ./Middlewares/ST/STM32_USB_Device_Library/Core/Src/usbd_core.o
 .debug_frame   0x0000000000001cb4      0x218 ./Middlewares/ST/STM32_USB_Device_Library/Core/Src/usbd_ctlreq.o
 .debug_frame   0x0000000000001ecc      0x10c ./Middlewares/ST/STM32_USB_Device_Library/Core/Src/usbd_ioreq.o
 .debug_frame   0x0000000000001fd8       0x2c ./USB_DEVICE/App/usb_device.o
 .debug_frame   0x0000000000002004      0x160 ./USB_DEVICE/App/usbd_desc.o
 .debug_frame   0x0000000000002164      0x4a4 ./USB_DEVICE/Target/usbd_conf.o
 .debug_frame   0x0000000000002608       0x2c /usr/share/gcc-arm-none-eabi-10.3-2021.10/bin/../lib/gcc/arm-none-eabi/10.3.1/../../../../arm-none-eabi/lib/thumb/v7-m/nofp/libc_nano.a(lib_a-init.o)
 .debug_frame   0x0000000000002634       0x20 /usr/share/gcc-arm-none-eabi-10.3-2021.10/bin/../lib/gcc/arm-none-eabi/10.3.1/../../../../arm-none-eabi/lib/thumb/v7-m/nofp/libc_nano.a(lib_a-memset.o)
